// Jest Snapshot v1, https://goo.gl/fbAQLP

exports[`Search component should match snapshot 1`] = `
<div>
  <div
    class="sc-dcJsrY gMhUjw"
  >
    <input
      class="sc-iGgWBj fgzRSD"
      name="search"
      placeholder="Search..."
      type="search"
    />
  </div>
</div>
`;
