// Jest Snapshot v1, https://goo.gl/fbAQLP

exports[`Backdrop component should match snapshot 1`] = `
<div>
  <div
    class="sc-aXZVg eORFT"
    data-testid="backdrop"
  />
</div>
`;
