// Jest Snapshot v1, https://goo.gl/fbAQLP

exports[`Button component should match snapshot 1`] = `
<div>
  <button
    class="sc-bgqQcB sc-ewnqHT coimH gsIsIn"
    style="font-size: 2rem;"
  >
    Click me
  </button>
</div>
`;
