// Jest Snapshot v1, https://goo.gl/fbAQLP

exports[`Message component should match snapshot 1`] = `
<div>
  <div
    class="sc-aXZVg cZkKqC  "
  >
    Test Message
    <div
      class="sc-gEvEer jozdBC"
    >
      19:08:30
    </div>
  </div>
</div>
`;
