// Jest Snapshot v1, https://goo.gl/fbAQLP

exports[`Heading component should match snapshot 1`] = `
<div>
  <div
    class="sc-aXZVg bkNXJR"
  >
    Heading
  </div>
</div>
`;
