// Jest Snapshot v1, https://goo.gl/fbAQLP

exports[`Toggle component should match snapshot 1`] = `
<div>
  <label
    class="sc-aXZVg hzAiqk"
  >
    <input
      class="sc-gEvEer mMtQb"
      type="checkbox"
    />
    <span
      class="sc-eqUAAy kKOnaw"
    />
  </label>
</div>
`;
